Function gg can only be defined in the global scope
