Please enter a +ve int <= 12: 120

---
Please enter a +ve int <= 12: 2

---
Please enter a +ve int <= 12: 720
